    Blocking waiting for file lock on package cache
    Blocking waiting for file lock on package cache
    Blocking waiting for file lock on package cache
   Compiling fact-mine-rust v0.1.0 (/home/yahn/cheat/gems/fact-mine)
warning: unused import: `crate::ast::adapters::AstNormalizationAdapter`
    --> src/ast/normalizer-test.rs:1521:17
     |
1521 |             use crate::ast::adapters::AstNormalizationAdapter;
     |                 ^^^^^^^^^^^^^^^^^^^^^^^^^^^^^^^^^^^^^^^^^^^^^
     |
     = note: `#[warn(unused_imports)]` (part of `#[warn(unused)]`) on by default

warning: unused import: `crate::ast::Child`
  --> src/syntax/java.rs:17:5
   |
17 | use crate::ast::Child;
   |     ^^^^^^^^^^^^^^^^^

warning: unused import: `crate::ast::Child`
  --> src/syntax/kotlin.rs:15:5
   |
15 | use crate::ast::Child;
   |     ^^^^^^^^^^^^^^^^^

warning: unused import: `crate::ast::Child`
  --> src/syntax/swift.rs:16:5
   |
16 | use crate::ast::Child;
   |     ^^^^^^^^^^^^^^^^^

warning: unused imports: `Child` and `Node`
  --> src/type_inference.rs:25:18
   |
25 | use crate::ast::{Child, Node, Span};
   |                  ^^^^^  ^^^^

warning: unused imports: `ArrayShape`, `CallGraphEdge`, `FieldRecord`, `MethodRecord`, `StateParamOriginRecord`, `StateProtocolRecord`, `StateTypeEdge`, `TypeDefinition`, and `receiver_state_field`
  --> src/type_inference.rs:27:60
   |
27 |     call_arguments, child_nodes, child_symbol, owner_name, receiver_state_field,
   |                                                            ^^^^^^^^^^^^^^^^^^^^
28 |     split_top_level_params, state_key, ArrayShape, CallGraphEdge, FieldRecord, Has...
   |                                        ^^^^^^^^^^  ^^^^^^^^^^^^^  ^^^^^^^^^^^
29 |     MethodRecord, StateParamOriginRecord, StateProtocolRecord, StateTypeEdge, Stat...
   |     ^^^^^^^^^^^^  ^^^^^^^^^^^^^^^^^^^^^^  ^^^^^^^^^^^^^^^^^^^  ^^^^^^^^^^^^^
30 |     StructDeclaration, TypeDefinition,
   |                        ^^^^^^^^^^^^^^

warning: unnecessary parentheses around `if` condition
    --> src/type_inference.rs:2120:32
     |
2120 | ...   if (self.behavior.is_type_normalizer(&rec.text, &method)
     |          ^
2121 | ...       || self.behavior.is_type_cast(&rec.text, &method))
     |                                                            ^
     |
     = note: `#[warn(unused_parens)]` (part of `#[warn(unused)]`) on by default
help: remove these parentheses
     |
2120 ~                             if self.behavior.is_type_normalizer(&rec.text, &method)
2121 ~                                 || self.behavior.is_type_cast(&rec.text, &method)
     |

warning: unnecessary parentheses around `if` condition
    --> src/type_inference.rs:2193:32
     |
2193 | ...   if (self.behavior.is_type_normalizer(&rec.text, &method)
     |          ^
2194 | ...       || self.behavior.is_type_cast(&rec.text, &method))
     |                                                            ^
     |
help: remove these parentheses
     |
2193 ~                             if self.behavior.is_type_normalizer(&rec.text, &method)
2194 ~                                 || self.behavior.is_type_cast(&rec.text, &method)
     |

warning: unnecessary parentheses around `if` condition
    --> src/type_inference.rs:2322:32
     |
2322 | ...   if (self.behavior.is_type_normalizer(&rec.text, &method)
     |          ^
2323 | ...       || self.behavior.is_type_cast(&rec.text, &method))
     |                                                            ^
     |
help: remove these parentheses
     |
2322 ~                             if self.behavior.is_type_normalizer(&rec.text, &method)
2323 ~                                 || self.behavior.is_type_cast(&rec.text, &method)
     |

warning: unnecessary parentheses around `if` condition
    --> src/type_inference.rs:4813:32
     |
4813 | ...   if (self.behavior.is_type_normalizer(&rec.text, &method)
     |          ^
4814 | ...       || self.behavior.is_type_cast(&rec.text, &method))
     |                                                            ^
     |
help: remove these parentheses
     |
4813 ~                             if self.behavior.is_type_normalizer(&rec.text, &method)
4814 ~                                 || self.behavior.is_type_cast(&rec.text, &method)
     |

warning: unnecessary parentheses around `if` condition
    --> src/type_inference.rs:4876:32
     |
4876 | ...   if (self.behavior.is_type_normalizer(&rec.text, &method)
     |          ^
4877 | ...       || self.behavior.is_type_cast(&rec.text, &method))
     |                                                            ^
     |
help: remove these parentheses
     |
4876 ~                             if self.behavior.is_type_normalizer(&rec.text, &method)
4877 ~                                 || self.behavior.is_type_cast(&rec.text, &method)
     |

warning: unnecessary parentheses around `if` condition
    --> src/type_inference.rs:5690:32
     |
5690 | ...   if (self.behavior.is_type_normalizer(&rec.text, &method)
     |          ^
5691 | ...       || self.behavior.is_type_cast(&rec.text, &method))
     |                                                            ^
     |
help: remove these parentheses
     |
5690 ~                             if self.behavior.is_type_normalizer(&rec.text, &method)
5691 ~                                 || self.behavior.is_type_cast(&rec.text, &method)
     |

warning: unnecessary parentheses around `if` condition
    --> src/type_inference.rs:5761:32
     |
5761 | ...   if (self.behavior.is_type_normalizer(&rec.text, &method)
     |          ^
5762 | ...       || self.behavior.is_type_cast(&rec.text, &method))
     |                                                            ^
     |
help: remove these parentheses
     |
5761 ~                             if self.behavior.is_type_normalizer(&rec.text, &method)
5762 ~                                 || self.behavior.is_type_cast(&rec.text, &method)
     |

warning: variable does not need to be mutable
    --> src/ast/normalizer-test.rs:1553:17
     |
1553 | ...   let mut normalizer_if = TreeSitterNormalizer::new("if x\n  1\nel...
     |           ----^^^^^^^^^^^^^
     |           |
     |           help: remove this `mut`
     |
     = note: `#[warn(unused_mut)]` (part of `#[warn(unused)]`) on by default

warning: variable does not need to be mutable
    --> src/ast/normalizer-test.rs:1563:17
     |
1563 | ...   let mut normalizer_splat = TreeSitterNormalizer::new("def foo(*a...
     |           ----^^^^^^^^^^^^^^^^
     |           |
     |           help: remove this `mut`

warning: variable does not need to be mutable
    --> src/ast/normalizer-test.rs:2070:17
     |
2070 | ...   let mut normalizer_match3 = TreeSitterNormalizer::new("a =~ b", ...
     |           ----^^^^^^^^^^^^^^^^^
     |           |
     |           help: remove this `mut`

warning: variable does not need to be mutable
    --> src/ast/normalizer-test.rs:2075:17
     |
2075 | ...   let mut normalizer_op1 = TreeSitterNormalizer::new("a[i] += 1", ...
     |           ----^^^^^^^^^^^^^^
     |           |
     |           help: remove this `mut`

warning: variable does not need to be mutable
    --> src/ast/normalizer-test.rs:2079:17
     |
2079 | ...   let mut normalizer_op2 = TreeSitterNormalizer::new("a.b += 1", l...
     |           ----^^^^^^^^^^^^^^
     |           |
     |           help: remove this `mut`

warning: variable does not need to be mutable
    --> src/ast/normalizer-test.rs:2084:17
     |
2084 | ...   let mut normalizer_el = TreeSitterNormalizer::new("x = a[i]", la...
     |           ----^^^^^^^^^^^^^
     |           |
     |           help: remove this `mut`

warning: variable does not need to be mutable
    --> src/ast/normalizer-test.rs:2088:17
     |
2088 | ...   let mut normalizer_el_self = TreeSitterNormalizer::new("x = self...
     |           ----^^^^^^^^^^^^^^^^^^
     |           |
     |           help: remove this `mut`

warning: variable does not need to be mutable
    --> src/ast/normalizer-test.rs:2093:17
     |
2093 | ...   let mut normalizer_concat = TreeSitterNormalizer::new("\"a\" \"b...
     |           ----^^^^^^^^^^^^^^^^^
     |           |
     |           help: remove this `mut`

warning: variable does not need to be mutable
    --> src/ast/normalizer-test.rs:2100:17
     |
2100 | ...   let mut normalizer_concat_interp = TreeSitterNormalizer::new("\"...
     |           ----^^^^^^^^^^^^^^^^^^^^^^^^
     |           |
     |           help: remove this `mut`

warning: variable does not need to be mutable
    --> src/ast/normalizer-test.rs:2108:17
     |
2108 | ...   let mut normalizer_heredoc = TreeSitterNormalizer::new("<<-EOF\n...
     |           ----^^^^^^^^^^^^^^^^^^
     |           |
     |           help: remove this `mut`

warning: variable does not need to be mutable
    --> src/ast/normalizer-test.rs:2112:17
     |
2112 | ...   let mut normalizer_heredoc_interp = TreeSitterNormalizer::new("<...
     |           ----^^^^^^^^^^^^^^^^^^^^^^^^^
     |           |
     |           help: remove this `mut`

warning: variable does not need to be mutable
    --> src/ast/normalizer-test.rs:2132:17
     |
2132 | ...   let mut normalizer_py = TreeSitterNormalizer::new("if a:\n    1\...
     |           ----^^^^^^^^^^^^^
     |           |
     |           help: remove this `mut`

warning: value assigned to `end_line` is never read
    --> src/profile.rs:4451:24
     |
4451 |     let mut end_line = start;
     |                        ^^^^^ this value is reassigned later and never used
...
4475 |         end_line = offset;
     |         ----------------- `end_line` is overwritten here before the previous value is read
     |
     = note: `#[warn(unused_assignments)]` (part of `#[warn(unused)]`) on by default

warning: value assigned to `end_line` is never read
    --> src/profile.rs:4475:9
     |
4463 |                         end_line = offset;
     |                         ----------------- `end_line` is overwritten here before the previous value is read
...
4475 |         end_line = offset;
     |         ^^^^^^^^^^^^^^^^^ this value is reassigned later and never used

warning: unused variable: `p`
    --> src/profile.rs:5984:17
     |
5984 |         let (r, p) = parse_python_signature("def my_func(a: int");
     |                 ^ help: if this is intentional, prefix it with an underscore: `_p`
     |
     = note: `#[warn(unused_variables)]` (part of `#[warn(unused)]`) on by default

warning: unused variable: `r`
    --> src/profile.rs:5987:14
     |
5987 |         let (r, p) = parse_python_signature("def my_func(self, cls, , ...
     |              ^ help: if this is intentional, prefix it with an underscore: `_r`

warning: unused variable: `p`
    --> src/profile.rs:6007:17
     |
6007 |         let (r, p) = parse_typescript_signature("(a: number");
     |                 ^ help: if this is intentional, prefix it with an underscore: `_p`

warning: unused variable: `r`
    --> src/profile.rs:6010:14
     |
6010 |         let (r, p) = parse_typescript_signature("( , a, b: ): void");
     |              ^ help: if this is intentional, prefix it with an underscore: `_r`

warning: unused variable: `p`
    --> src/profile.rs:6509:17
     |
6509 |         let (r, p) = parse_sorbet_signature("def foo");
     |                 ^ help: if this is intentional, prefix it with an underscore: `_p`

warning: unused variable: `p`
    --> src/profile.rs:6524:17
     |
6524 |         let (r, p) = parse_sorbet_signature("sig { .params(x: Integer");
     |                 ^ help: if this is intentional, prefix it with an underscore: `_p`

warning: variable does not need to be mutable
   --> src/syntax/ruby.rs:924:13
    |
924 |         let mut t = receiver.replace('@', "");
    |             ----^
    |             |
    |             help: remove this `mut`

warning: unused variable: `receiver_bare`
   --> src/syntax/ruby.rs:988:14
    |
988 |         let (receiver_bare, _) = if r.starts_with("T.nilable(") && r.en...
    |              ^^^^^^^^^^^^^ help: if this is intentional, prefix it with an underscore: `_receiver_bare`

warning: unused variable: `args_node`
    --> src/type_inference.rs:5504:35
     |
5504 |         if let Some((rec, method, args_node)) = match_call(node) {
     |                                   ^^^^^^^^^ help: if this is intentional, prefix it with an underscore: `_args_node`

warning: function `span` is never used
   --> src/syntax/c.rs:350:4
    |
350 | fn span(node: &Node) -> Span {
    |    ^^^^
    |
    = note: `#[warn(dead_code)]` (part of `#[warn(unused)]`) on by default

warning: function `is_simple_name` is never used
   --> src/syntax/c.rs:413:4
    |
413 | fn is_simple_name(name: &str) -> bool {
    |    ^^^^^^^^^^^^^^

warning: methods `literal_state_writes`, `format_hash_type`, `format_set_type`, and `format_nilable_type` are never used
    --> src/syntax/normalized_behavior.rs:1379:8
     |
 721 | pub(crate) trait NormalizedLanguageBehavior: Sync {
     |                  -------------------------- methods in this trait
...
1379 |     fn literal_state_writes(&self, _node: &Node, _normalized_text: &st...
     |        ^^^^^^^^^^^^^^^^^^^^
...
1502 |     fn format_hash_type(&self, key: &str, val: &str) -> String {
     |        ^^^^^^^^^^^^^^^^
...
1506 |     fn format_set_type(&self, elem: &str) -> String {
     |        ^^^^^^^^^^^^^^^
...
1510 |     fn format_nilable_type(&self, type_text: &str) -> String {
     |        ^^^^^^^^^^^^^^^^^^^

warning: field `lines` is never read
   --> src/type_inference.rs:604:16
    |
600 | pub(crate) struct TypeInferenceVisitor<'a> {
    |                   -------------------- field in this struct
...
604 |     pub(crate) lines: &'a [String],
    |                ^^^^^

warning: method `hash_shape_index_type_readonly` is never used
    --> src/type_inference.rs:2372:8
     |
 680 | impl<'a> TypeInferenceVisitor<'a> {
     | --------------------------------- method in this implementation
...
2372 |     fn hash_shape_index_type_readonly(
     |        ^^^^^^^^^^^^^^^^^^^^^^^^^^^^^^

warning: function `nilable_type` is never used
    --> src/type_inference.rs:6108:4
     |
6108 | fn nilable_type(type_text: &str) -> String {
     |    ^^^^^^^^^^^^

warning: function `extract_param_entries` is never used
    --> src/type_inference.rs:6221:4
     |
6221 | fn extract_param_entries(sig: &str) -> Vec<(String, String)> {
     |    ^^^^^^^^^^^^^^^^^^^^^

warning: `fact-mine-rust` (lib) generated 43 warnings (run `cargo fix --lib -p fact-mine-rust` to apply 34 suggestions)
    Finished `release` profile [optimized] target(s) in 29.07s
